⚠ [next]/internal/font/google/geist_a71539c9.module.css
Error while requesting resource
There was an issue establishing a connection while requesting https://fonts.googleapis.com/css2?family=Geist:wght@100..900&display=swap

Import trace:
  Server Component:
    [next]/internal/font/google/geist_a71539c9.module.css
    [next]/internal/font/google/geist_a71539c9.js
    ./app/layout.tsx


⚠ [next]/internal/font/google/geist_mono_8d43a2aa.module.css
Error while requesting resource
There was an issue establishing a connection while requesting https://fonts.googleapis.com/css2?family=Geist+Mono:wght@100..900&display=swap

Import trace:
  Server Component:
    [next]/internal/font/google/geist_mono_8d43a2aa.module.css
    [next]/internal/font/google/geist_mono_8d43a2aa.js
    ./app/layout.tsx


⚠ [next]/internal/font/google/geist_a71539c9.module.css
next/font: warning:
Failed to download `Geist` from Google Fonts. Using fallback font instead.

Import trace:
  Server Component:
    [next]/internal/font/google/geist_a71539c9.module.css
    [next]/internal/font/google/geist_a71539c9.js
    ./app/layout.tsx


⚠ [next]/internal/font/google/geist_mono_8d43a2aa.module.css
next/font: warning:
Failed to download `Geist Mono` from Google Fonts. Using fallback font instead.

Import trace:
  Server Component:
    [next]/internal/font/google/geist_mono_8d43a2aa.module.css
    [next]/internal/font/google/geist_mono_8d43a2aa.js
    ./app/layout.tsx


⚠ [next]/internal/font/google/geist_a71539c9.module.css
Error while requesting resource
There was an issue establishing a connection while requesting https://fonts.googleapis.com/css2?family=Geist:wght@100..900&display=swap

Import trace:
  Server Component:
    [next]/internal/font/google/geist_a71539c9.module.css
    [next]/internal/font/google/geist_a71539c9.js
    ./app/layout.tsx


⚠ [next]/internal/font/google/geist_mono_8d43a2aa.module.css
Error while requesting resource
There was an issue establishing a connection while requesting https://fonts.googleapis.com/css2?family=Geist+Mono:wght@100..900&display=swap

Import trace:
  Server Component:
    [next]/internal/font/google/geist_mono_8d43a2aa.module.css
    [next]/internal/font/google/geist_mono_8d43a2aa.js
    ./app/layout.tsx


⚠ [next]/internal/font/google/geist_a71539c9.module.css
next/font: warning:
Failed to download `Geist` from Google Fonts. Using fallback font instead.

Import trace:
  Server Component:
    [next]/internal/font/google/geist_a71539c9.module.css
    [next]/internal/font/google/geist_a71539c9.js
    ./app/layout.tsx


⚠ [next]/internal/font/google/geist_mono_8d43a2aa.module.css
next/font: warning:
Failed to download `Geist Mono` from Google Fonts. Using fallback font instead.

Import trace:
  Server Component:
    [next]/internal/font/google/geist_mono_8d43a2aa.module.css
    [next]/internal/font/google/geist_mono_8d43a2aa.js
    ./app/layout.tsx


⚠ [next]/internal/font/google/geist_a71539c9.module.css
Error while requesting resource
There was an issue establishing a connection while requesting https://fonts.googleapis.com/css2?family=Geist:wght@100..900&display=swap

Import trace:
  Server Component:
    [next]/internal/font/google/geist_a71539c9.module.css
    [next]/internal/font/google/geist_a71539c9.js
    ./app/layout.tsx


⚠ [next]/internal/font/google/geist_mono_8d43a2aa.module.css
Error while requesting resource
There was an issue establishing a connection while requesting https://fonts.googleapis.com/css2?family=Geist+Mono:wght@100..900&display=swap

Import trace:
  Server Component:
    [next]/internal/font/google/geist_mono_8d43a2aa.module.css
    [next]/internal/font/google/geist_mono_8d43a2aa.js
    ./app/layout.tsx


⚠ [next]/internal/font/google/geist_a71539c9.module.css
next/font: warning:
Failed to download `Geist` from Google Fonts. Using fallback font instead.

Import trace:
  Server Component:
    [next]/internal/font/google/geist_a71539c9.module.css
    [next]/internal/font/google/geist_a71539c9.js
    ./app/layout.tsx


⚠ [next]/internal/font/google/geist_mono_8d43a2aa.module.css
next/font: warning:
Failed to download `Geist Mono` from Google Fonts. Using fallback font instead.

Import trace:
  Server Component:
    [next]/internal/font/google/geist_mono_8d43a2aa.module.css
    [next]/internal/font/google/geist_mono_8d43a2aa.js
    ./app/layout.tsx


⚠ [next]/internal/font/google/geist_a71539c9.module.css
Error while requesting resource
There was an issue establishing a connection while requesting https://fonts.googleapis.com/css2?family=Geist:wght@100..900&display=swap

Import trace:
  Server Component:
    [next]/internal/font/google/geist_a71539c9.module.css
    [next]/internal/font/google/geist_a71539c9.js
    ./app/layout.tsx


⚠ [next]/internal/font/google/geist_mono_8d43a2aa.module.css
Error while requesting resource
There was an issue establishing a connection while requesting https://fonts.googleapis.com/css2?family=Geist+Mono:wght@100..900&display=swap

Import trace:
  Server Component:
    [next]/internal/font/google/geist_mono_8d43a2aa.module.css
    [next]/internal/font/google/geist_mono_8d43a2aa.js
    ./app/layout.tsx


⚠ [next]/internal/font/google/geist_a71539c9.module.css
next/font: warning:
Failed to download `Geist` from Google Fonts. Using fallback font instead.

Import trace:
  Server Component:
    [next]/internal/font/google/geist_a71539c9.module.css
    [next]/internal/font/google/geist_a71539c9.js
    ./app/layout.tsx


⚠ [next]/internal/font/google/geist_mono_8d43a2aa.module.css
next/font: warning:
Failed to download `Geist Mono` from Google Fonts. Using fallback font instead.

Import trace:
  Server Component:
    [next]/internal/font/google/geist_mono_8d43a2aa.module.css
    [next]/internal/font/google/geist_mono_8d43a2aa.js
    ./app/layout.tsx


⚠ Fast Refresh had to perform a full reload when ./app/Components/DemoData.ts changed. Read more: https://nextjs.org/docs/messages/fast-refresh-reload
⨯ ./app/layout.tsx:2:1
Module not found: Can't resolve './Components/DemoStateContext'
  [90m1 |[0m [36mimport[0m [32m'./globals.css'[0m
[31m[1m>[0m [90m2 |[0m [36mimport[0m { [33mDemoStateProvider[0m } [36mfrom[0m [32m'./Components/DemoStateContext'[0m
  [90m  |[0m [31m[1m^^^^^^^^^^^^^^^^^^^^^^^^^^^^^^^^^^^^^^^^^^^^^^^^^^^^^^^^^^^^^^^^^[0m
  [90m3 |[0m
  [90m4 |[0m [36mexport[0m [36mconst[0m metadata = {
  [90m5 |[0m   title: [32m'CareShift MVP'[0m,



https://nextjs.org/docs/messages/module-not-found


⨯ ./app/layout.tsx:2:1
Module not found: Can't resolve './Components/DemoStateContext'
  [90m1 |[0m [36mimport[0m [32m'./globals.css'[0m
[31m[1m>[0m [90m2 |[0m [36mimport[0m { [33mDemoStateProvider[0m } [36mfrom[0m [32m'./Components/DemoStateContext'[0m
  [90m  |[0m [31m[1m^^^^^^^^^^^^^^^^^^^^^^^^^^^^^^^^^^^^^^^^^^^^^^^^^^^^^^^^^^^^^^^^^[0m
  [90m3 |[0m
  [90m4 |[0m [36mexport[0m [36mconst[0m metadata = {
  [90m5 |[0m   title: [32m'CareShift MVP'[0m,



https://nextjs.org/docs/messages/module-not-found


⨯ ./app/layout.tsx:2:1
Module not found: Can't resolve './Components/DemoStateContext'
  [90m1 |[0m [36mimport[0m [32m'./globals.css'[0m
[31m[1m>[0m [90m2 |[0m [36mimport[0m { [33mDemoStateProvider[0m } [36mfrom[0m [32m'./Components/DemoStateContext'[0m
  [90m  |[0m [31m[1m^^^^^^^^^^^^^^^^^^^^^^^^^^^^^^^^^^^^^^^^^^^^^^^^^^^^^^^^^^^^^^^^^[0m
  [90m3 |[0m
  [90m4 |[0m [36mexport[0m [36mconst[0m metadata = {
  [90m5 |[0m   title: [32m'CareShift MVP'[0m,



https://nextjs.org/docs/messages/module-not-found


⨯ ./app/layout.tsx:2:1
Module not found: Can't resolve './Components/DemoStateContext'
  [90m1 |[0m [36mimport[0m [32m'./globals.css'[0m
[31m[1m>[0m [90m2 |[0m [36mimport[0m { [33mDemoStateProvider[0m } [36mfrom[0m [32m'./Components/DemoStateContext'[0m
  [90m  |[0m [31m[1m^^^^^^^^^^^^^^^^^^^^^^^^^^^^^^^^^^^^^^^^^^^^^^^^^^^^^^^^^^^^^^^^^[0m
  [90m3 |[0m
  [90m4 |[0m [36mexport[0m [36mconst[0m metadata = {
  [90m5 |[0m   title: [32m'CareShift MVP'[0m,



https://nextjs.org/docs/messages/module-not-found


⨯ ./app/layout.tsx:2:1
Module not found: Can't resolve './Components/DemoStateContext'
  [90m1 |[0m [36mimport[0m [32m'./globals.css'[0m
[31m[1m>[0m [90m2 |[0m [36mimport[0m { [33mDemoStateProvider[0m } [36mfrom[0m [32m'./Components/DemoStateContext'[0m
  [90m  |[0m [31m[1m^^^^^^^^^^^^^^^^^^^^^^^^^^^^^^^^^^^^^^^^^^^^^^^^^^^^^^^^^^^^^^^^^[0m
  [90m3 |[0m
  [90m4 |[0m [36mexport[0m [36mconst[0m metadata = {
  [90m5 |[0m   title: [32m'CareShift MVP'[0m,



https://nextjs.org/docs/messages/module-not-found


⨯ ./app/layout.tsx:2:1
Module not found: Can't resolve './Components/DemoStateContext'
  [90m1 |[0m [36mimport[0m [32m'./globals.css'[0m
[31m[1m>[0m [90m2 |[0m [36mimport[0m { [33mDemoStateProvider[0m } [36mfrom[0m [32m'./Components/DemoStateContext'[0m
  [90m  |[0m [31m[1m^^^^^^^^^^^^^^^^^^^^^^^^^^^^^^^^^^^^^^^^^^^^^^^^^^^^^^^^^^^^^^^^^[0m
  [90m3 |[0m
  [90m4 |[0m [36mexport[0m [36mconst[0m metadata = {
  [90m5 |[0m   title: [32m'CareShift MVP'[0m,



https://nextjs.org/docs/messages/module-not-found


⨯ ./app/layout.tsx:2:1
Module not found: Can't resolve './Components/DemoStateContext'
  [90m1 |[0m [36mimport[0m [32m'./globals.css'[0m
[31m[1m>[0m [90m2 |[0m [36mimport[0m { [33mDemoStateProvider[0m } [36mfrom[0m [32m'./Components/DemoStateContext'[0m
  [90m  |[0m [31m[1m^^^^^^^^^^^^^^^^^^^^^^^^^^^^^^^^^^^^^^^^^^^^^^^^^^^^^^^^^^^^^^^^^[0m
  [90m3 |[0m
  [90m4 |[0m [36mexport[0m [36mconst[0m metadata = {
  [90m5 |[0m   title: [32m'CareShift MVP'[0m,



https://nextjs.org/docs/messages/module-not-found


⨯ ./app/layout.tsx:2:1
Module not found: Can't resolve './Components/DemoStateContext'
  [90m1 |[0m [36mimport[0m [32m'./globals.css'[0m
[31m[1m>[0m [90m2 |[0m [36mimport[0m { [33mDemoStateProvider[0m } [36mfrom[0m [32m'./Components/DemoStateContext'[0m
  [90m  |[0m [31m[1m^^^^^^^^^^^^^^^^^^^^^^^^^^^^^^^^^^^^^^^^^^^^^^^^^^^^^^^^^^^^^^^^^[0m
  [90m3 |[0m
  [90m4 |[0m [36mexport[0m [36mconst[0m metadata = {
  [90m5 |[0m   title: [32m'CareShift MVP'[0m,



https://nextjs.org/docs/messages/module-not-found


⨯ ./app/layout.tsx:2:1
Module not found: Can't resolve './Components/DemoStateContext'
  [90m1 |[0m [36mimport[0m [32m'./globals.css'[0m
[31m[1m>[0m [90m2 |[0m [36mimport[0m { [33mDemoStateProvider[0m } [36mfrom[0m [32m'./Components/DemoStateContext'[0m
  [90m  |[0m [31m[1m^^^^^^^^^^^^^^^^^^^^^^^^^^^^^^^^^^^^^^^^^^^^^^^^^^^^^^^^^^^^^^^^^[0m
  [90m3 |[0m
  [90m4 |[0m [36mexport[0m [36mconst[0m metadata = {
  [90m5 |[0m   title: [32m'CareShift MVP'[0m,



https://nextjs.org/docs/messages/module-not-found


⨯ ./app/layout.tsx:2:1
Module not found: Can't resolve './Components/DemoStateContext'
  [90m1 |[0m [36mimport[0m [32m'./globals.css'[0m
[31m[1m>[0m [90m2 |[0m [36mimport[0m { [33mDemoStateProvider[0m } [36mfrom[0m [32m'./Components/DemoStateContext'[0m
  [90m  |[0m [31m[1m^^^^^^^^^^^^^^^^^^^^^^^^^^^^^^^^^^^^^^^^^^^^^^^^^^^^^^^^^^^^^^^^^[0m
  [90m3 |[0m
  [90m4 |[0m [36mexport[0m [36mconst[0m metadata = {
  [90m5 |[0m   title: [32m'CareShift MVP'[0m,



https://nextjs.org/docs/messages/module-not-found


⨯ ./app/layout.tsx:2:1
Module not found: Can't resolve './Components/DemoStateContext'
  [90m1 |[0m [36mimport[0m [32m'./globals.css'[0m
[31m[1m>[0m [90m2 |[0m [36mimport[0m { [33mDemoStateProvider[0m } [36mfrom[0m [32m'./Components/DemoStateContext'[0m
  [90m  |[0m [31m[1m^^^^^^^^^^^^^^^^^^^^^^^^^^^^^^^^^^^^^^^^^^^^^^^^^^^^^^^^^^^^^^^^^[0m
  [90m3 |[0m
  [90m4 |[0m [36mexport[0m [36mconst[0m metadata = {
  [90m5 |[0m   title: [32m'CareShift MVP'[0m,



https://nextjs.org/docs/messages/module-not-found


⚠ [next]/internal/font/google/geist_a71539c9.module.css
Error while requesting resource
There was an issue establishing a connection while requesting https://fonts.googleapis.com/css2?family=Geist:wght@100..900&display=swap

Import trace:
  Server Component:
    [next]/internal/font/google/geist_a71539c9.module.css
    [next]/internal/font/google/geist_a71539c9.js
    ./app/layout.tsx


⚠ [next]/internal/font/google/geist_mono_8d43a2aa.module.css
Error while requesting resource
There was an issue establishing a connection while requesting https://fonts.googleapis.com/css2?family=Geist+Mono:wght@100..900&display=swap

Import trace:
  Server Component:
    [next]/internal/font/google/geist_mono_8d43a2aa.module.css
    [next]/internal/font/google/geist_mono_8d43a2aa.js
    ./app/layout.tsx


⚠ [next]/internal/font/google/geist_a71539c9.module.css
next/font: warning:
Failed to download `Geist` from Google Fonts. Using fallback font instead.

Import trace:
  Server Component:
    [next]/internal/font/google/geist_a71539c9.module.css
    [next]/internal/font/google/geist_a71539c9.js
    ./app/layout.tsx


⚠ [next]/internal/font/google/geist_mono_8d43a2aa.module.css
next/font: warning:
Failed to download `Geist Mono` from Google Fonts. Using fallback font instead.

Import trace:
  Server Component:
    [next]/internal/font/google/geist_mono_8d43a2aa.module.css
    [next]/internal/font/google/geist_mono_8d43a2aa.js
    ./app/layout.tsx


⚠ [next]/internal/font/google/geist_a71539c9.module.css
Error while requesting resource
There was an issue establishing a connection while requesting https://fonts.googleapis.com/css2?family=Geist:wght@100..900&display=swap

Import trace:
  Server Component:
    [next]/internal/font/google/geist_a71539c9.module.css
    [next]/internal/font/google/geist_a71539c9.js
    ./app/layout.tsx


⚠ [next]/internal/font/google/geist_mono_8d43a2aa.module.css
Error while requesting resource
There was an issue establishing a connection while requesting https://fonts.googleapis.com/css2?family=Geist+Mono:wght@100..900&display=swap

Import trace:
  Server Component:
    [next]/internal/font/google/geist_mono_8d43a2aa.module.css
    [next]/internal/font/google/geist_mono_8d43a2aa.js
    ./app/layout.tsx


⚠ [next]/internal/font/google/geist_a71539c9.module.css
next/font: warning:
Failed to download `Geist` from Google Fonts. Using fallback font instead.

Import trace:
  Server Component:
    [next]/internal/font/google/geist_a71539c9.module.css
    [next]/internal/font/google/geist_a71539c9.js
    ./app/layout.tsx


⚠ [next]/internal/font/google/geist_mono_8d43a2aa.module.css
next/font: warning:
Failed to download `Geist Mono` from Google Fonts. Using fallback font instead.

Import trace:
  Server Component:
    [next]/internal/font/google/geist_mono_8d43a2aa.module.css
    [next]/internal/font/google/geist_mono_8d43a2aa.js
    ./app/layout.tsx


⚠ [next]/internal/font/google/geist_a71539c9.module.css
Error while requesting resource
There was an issue establishing a connection while requesting https://fonts.googleapis.com/css2?family=Geist:wght@100..900&display=swap

Import trace:
  Server Component:
    [next]/internal/font/google/geist_a71539c9.module.css
    [next]/internal/font/google/geist_a71539c9.js
    ./app/layout.tsx


⚠ [next]/internal/font/google/geist_mono_8d43a2aa.module.css
Error while requesting resource
There was an issue establishing a connection while requesting https://fonts.googleapis.com/css2?family=Geist+Mono:wght@100..900&display=swap

Import trace:
  Server Component:
    [next]/internal/font/google/geist_mono_8d43a2aa.module.css
    [next]/internal/font/google/geist_mono_8d43a2aa.js
    ./app/layout.tsx


⚠ [next]/internal/font/google/geist_a71539c9.module.css
next/font: warning:
Failed to download `Geist` from Google Fonts. Using fallback font instead.

Import trace:
  Server Component:
    [next]/internal/font/google/geist_a71539c9.module.css
    [next]/internal/font/google/geist_a71539c9.js
    ./app/layout.tsx


⚠ [next]/internal/font/google/geist_mono_8d43a2aa.module.css
next/font: warning:
Failed to download `Geist Mono` from Google Fonts. Using fallback font instead.

Import trace:
  Server Component:
    [next]/internal/font/google/geist_mono_8d43a2aa.module.css
    [next]/internal/font/google/geist_mono_8d43a2aa.js
    ./app/layout.tsx


⚠ [next]/internal/font/google/geist_a71539c9.module.css
Error while requesting resource
There was an issue establishing a connection while requesting https://fonts.googleapis.com/css2?family=Geist:wght@100..900&display=swap

Import trace:
  Server Component:
    [next]/internal/font/google/geist_a71539c9.module.css
    [next]/internal/font/google/geist_a71539c9.js
    ./app/layout.tsx


⚠ [next]/internal/font/google/geist_mono_8d43a2aa.module.css
Error while requesting resource
There was an issue establishing a connection while requesting https://fonts.googleapis.com/css2?family=Geist+Mono:wght@100..900&display=swap

Import trace:
  Server Component:
    [next]/internal/font/google/geist_mono_8d43a2aa.module.css
    [next]/internal/font/google/geist_mono_8d43a2aa.js
    ./app/layout.tsx


⚠ [next]/internal/font/google/geist_a71539c9.module.css
next/font: warning:
Failed to download `Geist` from Google Fonts. Using fallback font instead.

Import trace:
  Server Component:
    [next]/internal/font/google/geist_a71539c9.module.css
    [next]/internal/font/google/geist_a71539c9.js
    ./app/layout.tsx


⚠ [next]/internal/font/google/geist_mono_8d43a2aa.module.css
next/font: warning:
Failed to download `Geist Mono` from Google Fonts. Using fallback font instead.

Import trace:
  Server Component:
    [next]/internal/font/google/geist_mono_8d43a2aa.module.css
    [next]/internal/font/google/geist_mono_8d43a2aa.js
    ./app/layout.tsx


⚠ [next]/internal/font/google/geist_a71539c9.module.css
Error while requesting resource
There was an issue establishing a connection while requesting https://fonts.googleapis.com/css2?family=Geist:wght@100..900&display=swap

Import trace:
  Server Component:
    [next]/internal/font/google/geist_a71539c9.module.css
    [next]/internal/font/google/geist_a71539c9.js
    ./app/layout.tsx


⚠ [next]/internal/font/google/geist_mono_8d43a2aa.module.css
Error while requesting resource
There was an issue establishing a connection while requesting https://fonts.googleapis.com/css2?family=Geist+Mono:wght@100..900&display=swap

Import trace:
  Server Component:
    [next]/internal/font/google/geist_mono_8d43a2aa.module.css
    [next]/internal/font/google/geist_mono_8d43a2aa.js
    ./app/layout.tsx


⚠ [next]/internal/font/google/geist_a71539c9.module.css
next/font: warning:
Failed to download `Geist` from Google Fonts. Using fallback font instead.

Import trace:
  Server Component:
    [next]/internal/font/google/geist_a71539c9.module.css
    [next]/internal/font/google/geist_a71539c9.js
    ./app/layout.tsx


⚠ [next]/internal/font/google/geist_mono_8d43a2aa.module.css
next/font: warning:
Failed to download `Geist Mono` from Google Fonts. Using fallback font instead.

Import trace:
  Server Component:
    [next]/internal/font/google/geist_mono_8d43a2aa.module.css
    [next]/internal/font/google/geist_mono_8d43a2aa.js
    ./app/layout.tsx


⚠ [next]/internal/font/google/geist_a71539c9.module.css
Error while requesting resource
There was an issue establishing a connection while requesting https://fonts.googleapis.com/css2?family=Geist:wght@100..900&display=swap

Import trace:
  Server Component:
    [next]/internal/font/google/geist_a71539c9.module.css
    [next]/internal/font/google/geist_a71539c9.js
    ./app/layout.tsx


⚠ [next]/internal/font/google/geist_mono_8d43a2aa.module.css
Error while requesting resource
There was an issue establishing a connection while requesting https://fonts.googleapis.com/css2?family=Geist+Mono:wght@100..900&display=swap

Import trace:
  Server Component:
    [next]/internal/font/google/geist_mono_8d43a2aa.module.css
    [next]/internal/font/google/geist_mono_8d43a2aa.js
    ./app/layout.tsx


⚠ [next]/internal/font/google/geist_a71539c9.module.css
next/font: warning:
Failed to download `Geist` from Google Fonts. Using fallback font instead.

Import trace:
  Server Component:
    [next]/internal/font/google/geist_a71539c9.module.css
    [next]/internal/font/google/geist_a71539c9.js
    ./app/layout.tsx


⚠ [next]/internal/font/google/geist_mono_8d43a2aa.module.css
next/font: warning:
Failed to download `Geist Mono` from Google Fonts. Using fallback font instead.

Import trace:
  Server Component:
    [next]/internal/font/google/geist_mono_8d43a2aa.module.css
    [next]/internal/font/google/geist_mono_8d43a2aa.js
    ./app/layout.tsx


⚠ [next]/internal/font/google/geist_a71539c9.module.css
Error while requesting resource
There was an issue establishing a connection while requesting https://fonts.googleapis.com/css2?family=Geist:wght@100..900&display=swap

Import trace:
  Server Component:
    [next]/internal/font/google/geist_a71539c9.module.css
    [next]/internal/font/google/geist_a71539c9.js
    ./app/layout.tsx


⚠ [next]/internal/font/google/geist_mono_8d43a2aa.module.css
Error while requesting resource
There was an issue establishing a connection while requesting https://fonts.googleapis.com/css2?family=Geist+Mono:wght@100..900&display=swap

Import trace:
  Server Component:
    [next]/internal/font/google/geist_mono_8d43a2aa.module.css
    [next]/internal/font/google/geist_mono_8d43a2aa.js
    ./app/layout.tsx


⚠ [next]/internal/font/google/geist_a71539c9.module.css
next/font: warning:
Failed to download `Geist` from Google Fonts. Using fallback font instead.

Import trace:
  Server Component:
    [next]/internal/font/google/geist_a71539c9.module.css
    [next]/internal/font/google/geist_a71539c9.js
    ./app/layout.tsx


⚠ [next]/internal/font/google/geist_mono_8d43a2aa.module.css
next/font: warning:
Failed to download `Geist Mono` from Google Fonts. Using fallback font instead.

Import trace:
  Server Component:
    [next]/internal/font/google/geist_mono_8d43a2aa.module.css
    [next]/internal/font/google/geist_mono_8d43a2aa.js
    ./app/layout.tsx


Error: ENOENT: no such file or directory, scandir 'C:\Users\USER\Downloads\School\HackXperience\hackhack\app'
    at ignore-listed frames {
  errno: -4058,
  code: 'ENOENT',
  syscall: 'scandir',
  path: 'C:\\Users\\USER\\Downloads\\School\\HackXperience\\hackhack\\app'
}
⨯ unhandledRejection: Error: ENOENT: no such file or directory, scandir 'C:\Users\USER\Downloads\School\HackXperience\hackhack\app'
    at ignore-listed frames {
  errno: -4058,
  code: 'ENOENT',
  syscall: 'scandir',
  path: 'C:\\Users\\USER\\Downloads\\School\\HackXperience\\hackhack\\app'
}
⨯ unhandledRejection:  Error: ENOENT: no such file or directory, scandir 'C:\Users\USER\Downloads\School\HackXperience\hackhack\app'
    at ignore-listed frames {
  errno: -4058,
  code: 'ENOENT',
  syscall: 'scandir',
  path: 'C:\\Users\\USER\\Downloads\\School\\HackXperience\\hackhack\\app'
}
Error: ENOENT: no such file or directory, scandir 'C:\Users\USER\Downloads\School\HackXperience\hackhack\app'
    at ignore-listed frames {
  errno: -4058,
  code: 'ENOENT',
  syscall: 'scandir',
  path: 'C:\\Users\\USER\\Downloads\\School\\HackXperience\\hackhack\\app'
}
Error: ENOENT: no such file or directory, scandir 'C:\Users\USER\Downloads\School\HackXperience\hackhack\app'
    at ignore-listed frames {
  errno: -4058,
  code: 'ENOENT',
  syscall: 'scandir',
  path: 'C:\\Users\\USER\\Downloads\\School\\HackXperience\\hackhack\\app'
}
Error: ENOENT: no such file or directory, scandir 'C:\Users\USER\Downloads\School\HackXperience\hackhack\app'
    at ignore-listed frames {
  errno: -4058,
  code: 'ENOENT',
  syscall: 'scandir',
  path: 'C:\\Users\\USER\\Downloads\\School\\HackXperience\\hackhack\\app'
}
Error: ENOENT: no such file or directory, scandir 'C:\Users\USER\Downloads\School\HackXperience\hackhack\app'
    at ignore-listed frames {
  errno: -4058,
  code: 'ENOENT',
  syscall: 'scandir',
  path: 'C:\\Users\\USER\\Downloads\\School\\HackXperience\\hackhack\\app'
}
Error: ENOENT: no such file or directory, scandir 'C:\Users\USER\Downloads\School\HackXperience\hackhack\app'
    at ignore-listed frames {
  errno: -4058,
  code: 'ENOENT',
  syscall: 'scandir',
  path: 'C:\\Users\\USER\\Downloads\\School\\HackXperience\\hackhack\\app'
}
Error: ENOENT: no such file or directory, scandir 'C:\Users\USER\Downloads\School\HackXperience\hackhack\app'
    at ignore-listed frames {
  errno: -4058,
  code: 'ENOENT',
  syscall: 'scandir',
  path: 'C:\\Users\\USER\\Downloads\\School\\HackXperience\\hackhack\\app'
}
Error: ENOENT: no such file or directory, scandir 'C:\Users\USER\Downloads\School\HackXperience\hackhack\app'
    at ignore-listed frames {
  errno: -4058,
  code: 'ENOENT',
  syscall: 'scandir',
  path: 'C:\\Users\\USER\\Downloads\\School\\HackXperience\\hackhack\\app'
}
Error: ENOENT: no such file or directory, scandir 'C:\Users\USER\Downloads\School\HackXperience\hackhack\app'
    at ignore-listed frames {
  errno: -4058,
  code: 'ENOENT',
  syscall: 'scandir',
  path: 'C:\\Users\\USER\\Downloads\\School\\HackXperience\\hackhack\\app'
}
Error: ENOENT: no such file or directory, scandir 'C:\Users\USER\Downloads\School\HackXperience\hackhack\app'
    at ignore-listed frames {
  errno: -4058,
  code: 'ENOENT',
  syscall: 'scandir',
  path: 'C:\\Users\\USER\\Downloads\\School\\HackXperience\\hackhack\\app'
}
Error: ENOENT: no such file or directory, scandir 'C:\Users\USER\Downloads\School\HackXperience\hackhack\app'
    at ignore-listed frames {
  errno: -4058,
  code: 'ENOENT',
  syscall: 'scandir',
  path: 'C:\\Users\\USER\\Downloads\\School\\HackXperience\\hackhack\\app'
}
[browser] Detected `scroll-behavior: smooth` on the `<html>` element. To disable smooth scrolling during route transitions, add `data-scroll-behavior="smooth"` to your <html> element. Learn more: https://nextjs.org/docs/messages/missing-data-scroll-behavior
[browser] Detected `scroll-behavior: smooth` on the `<html>` element. To disable smooth scrolling during route transitions, add `data-scroll-behavior="smooth"` to your <html> element. Learn more: https://nextjs.org/docs/messages/missing-data-scroll-behavior
⚠ Fast Refresh had to perform a full reload when ./app/Components/DemoStateContext.tsx changed. Read more: https://nextjs.org/docs/messages/fast-refresh-reload
⚠ Fast Refresh had to perform a full reload when ./app/Components/DemoStateContext.tsx changed. Read more: https://nextjs.org/docs/messages/fast-refresh-reload
⚠ Fast Refresh had to perform a full reload when ./app/Components/DemoStateContext.tsx changed. Read more: https://nextjs.org/docs/messages/fast-refresh-reload
⚠ Fast Refresh had to perform a full reload when ./app/Components/DemoStateContext.tsx changed. Read more: https://nextjs.org/docs/messages/fast-refresh-reload
[browser] Detected `scroll-behavior: smooth` on the `<html>` element. To disable smooth scrolling during route transitions, add `data-scroll-behavior="smooth"` to your <html> element. Learn more: https://nextjs.org/docs/messages/missing-data-scroll-behavior
[browser] Detected `scroll-behavior: smooth` on the `<html>` element. To disable smooth scrolling during route transitions, add `data-scroll-behavior="smooth"` to your <html> element. Learn more: https://nextjs.org/docs/messages/missing-data-scroll-behavior
[browser] Detected `scroll-behavior: smooth` on the `<html>` element. To disable smooth scrolling during route transitions, add `data-scroll-behavior="smooth"` to your <html> element. Learn more: https://nextjs.org/docs/messages/missing-data-scroll-behavior
[browser] Detected `scroll-behavior: smooth` on the `<html>` element. To disable smooth scrolling during route transitions, add `data-scroll-behavior="smooth"` to your <html> element. Learn more: https://nextjs.org/docs/messages/missing-data-scroll-behavior
[browser] Detected `scroll-behavior: smooth` on the `<html>` element. To disable smooth scrolling during route transitions, add `data-scroll-behavior="smooth"` to your <html> element. Learn more: https://nextjs.org/docs/messages/missing-data-scroll-behavior
⚠ Fast Refresh had to perform a full reload when ./app/Components/DemoStateContext.tsx changed. Read more: https://nextjs.org/docs/messages/fast-refresh-reload
⚠ Fast Refresh had to perform a full reload when ./app/Components/DemoStateContext.tsx changed. Read more: https://nextjs.org/docs/messages/fast-refresh-reload
⚠ Fast Refresh had to perform a full reload when ./lib/api.ts changed. Read more: https://nextjs.org/docs/messages/fast-refresh-reload
⚠ Fast Refresh had to perform a full reload when ./lib/api.ts changed. Read more: https://nextjs.org/docs/messages/fast-refresh-reload
⚠ Fast Refresh had to perform a full reload when ./app/Components/DemoStateContext.tsx changed. Read more: https://nextjs.org/docs/messages/fast-refresh-reload
⚠ Fast Refresh had to perform a full reload when ./app/Components/DemoStateContext.tsx changed. Read more: https://nextjs.org/docs/messages/fast-refresh-reload
⚠ Fast Refresh had to perform a full reload when ./app/Components/DemoStateContext.tsx changed. Read more: https://nextjs.org/docs/messages/fast-refresh-reload
⚠ Fast Refresh had to perform a full reload when ./app/Components/DemoStateContext.tsx changed. Read more: https://nextjs.org/docs/messages/fast-refresh-reload
[browser] Encountered two children with the same key, `153b4eb3-6a8f-4247-8238-f9dce432ff1e`. Keys should be unique so that components maintain their identity across updates. Non-unique keys may cause children to be duplicated and/or omitted — the behavior is unsupported and could change in a future version. 
[browser] Encountered two children with the same key, `153b4eb3-6a8f-4247-8238-f9dce432ff1e`. Keys should be unique so that components maintain their identity across updates. Non-unique keys may cause children to be duplicated and/or omitted — the behavior is unsupported and could change in a future version. 
[browser] Detected `scroll-behavior: smooth` on the `<html>` element. To disable smooth scrolling during route transitions, add `data-scroll-behavior="smooth"` to your <html> element. Learn more: https://nextjs.org/docs/messages/missing-data-scroll-behavior
[browser] Encountered two children with the same key, `153b4eb3-6a8f-4247-8238-f9dce432ff1e`. Keys should be unique so that components maintain their identity across updates. Non-unique keys may cause children to be duplicated and/or omitted — the behavior is unsupported and could change in a future version. 
[browser] Encountered two children with the same key, `153b4eb3-6a8f-4247-8238-f9dce432ff1e`. Keys should be unique so that components maintain their identity across updates. Non-unique keys may cause children to be duplicated and/or omitted — the behavior is unsupported and could change in a future version. 
[browser] Encountered two children with the same key, `153b4eb3-6a8f-4247-8238-f9dce432ff1e`. Keys should be unique so that components maintain their identity across updates. Non-unique keys may cause children to be duplicated and/or omitted — the behavior is unsupported and could change in a future version. 
[browser] Encountered two children with the same key, `153b4eb3-6a8f-4247-8238-f9dce432ff1e`. Keys should be unique so that components maintain their identity across updates. Non-unique keys may cause children to be duplicated and/or omitted — the behavior is unsupported and could change in a future version. 
[browser] Encountered two children with the same key, `153b4eb3-6a8f-4247-8238-f9dce432ff1e`. Keys should be unique so that components maintain their identity across updates. Non-unique keys may cause children to be duplicated and/or omitted — the behavior is unsupported and could change in a future version. 
[browser] Encountered two children with the same key, `153b4eb3-6a8f-4247-8238-f9dce432ff1e`. Keys should be unique so that components maintain their identity across updates. Non-unique keys may cause children to be duplicated and/or omitted — the behavior is unsupported and could change in a future version. 
[browser] Encountered two children with the same key, `153b4eb3-6a8f-4247-8238-f9dce432ff1e`. Keys should be unique so that components maintain their identity across updates. Non-unique keys may cause children to be duplicated and/or omitted — the behavior is unsupported and could change in a future version. 
[browser] Encountered two children with the same key, `153b4eb3-6a8f-4247-8238-f9dce432ff1e`. Keys should be unique so that components maintain their identity across updates. Non-unique keys may cause children to be duplicated and/or omitted — the behavior is unsupported and could change in a future version. 
[browser] Encountered two children with the same key, `153b4eb3-6a8f-4247-8238-f9dce432ff1e`. Keys should be unique so that components maintain their identity across updates. Non-unique keys may cause children to be duplicated and/or omitted — the behavior is unsupported and could change in a future version. 
[browser] Encountered two children with the same key, `153b4eb3-6a8f-4247-8238-f9dce432ff1e`. Keys should be unique so that components maintain their identity across updates. Non-unique keys may cause children to be duplicated and/or omitted — the behavior is unsupported and could change in a future version. 
[browser] Encountered two children with the same key, `153b4eb3-6a8f-4247-8238-f9dce432ff1e`. Keys should be unique so that components maintain their identity across updates. Non-unique keys may cause children to be duplicated and/or omitted — the behavior is unsupported and could change in a future version. 
[browser] Encountered two children with the same key, `153b4eb3-6a8f-4247-8238-f9dce432ff1e`. Keys should be unique so that components maintain their identity across updates. Non-unique keys may cause children to be duplicated and/or omitted — the behavior is unsupported and could change in a future version. 
[browser] Encountered two children with the same key, `153b4eb3-6a8f-4247-8238-f9dce432ff1e`. Keys should be unique so that components maintain their identity across updates. Non-unique keys may cause children to be duplicated and/or omitted — the behavior is unsupported and could change in a future version. 
[browser] Encountered two children with the same key, `153b4eb3-6a8f-4247-8238-f9dce432ff1e`. Keys should be unique so that components maintain their identity across updates. Non-unique keys may cause children to be duplicated and/or omitted — the behavior is unsupported and could change in a future version. 
[browser] Encountered two children with the same key, `153b4eb3-6a8f-4247-8238-f9dce432ff1e`. Keys should be unique so that components maintain their identity across updates. Non-unique keys may cause children to be duplicated and/or omitted — the behavior is unsupported and could change in a future version. 
[browser] Encountered two children with the same key, `153b4eb3-6a8f-4247-8238-f9dce432ff1e`. Keys should be unique so that components maintain their identity across updates. Non-unique keys may cause children to be duplicated and/or omitted — the behavior is unsupported and could change in a future version. 
[browser] Encountered two children with the same key, `153b4eb3-6a8f-4247-8238-f9dce432ff1e`. Keys should be unique so that components maintain their identity across updates. Non-unique keys may cause children to be duplicated and/or omitted — the behavior is unsupported and could change in a future version. 
[browser] Encountered two children with the same key, `153b4eb3-6a8f-4247-8238-f9dce432ff1e`. Keys should be unique so that components maintain their identity across updates. Non-unique keys may cause children to be duplicated and/or omitted — the behavior is unsupported and could change in a future version. 
[browser] Encountered two children with the same key, `153b4eb3-6a8f-4247-8238-f9dce432ff1e`. Keys should be unique so that components maintain their identity across updates. Non-unique keys may cause children to be duplicated and/or omitted — the behavior is unsupported and could change in a future version. 
[browser] Encountered two children with the same key, `153b4eb3-6a8f-4247-8238-f9dce432ff1e`. Keys should be unique so that components maintain their identity across updates. Non-unique keys may cause children to be duplicated and/or omitted — the behavior is unsupported and could change in a future version. 
[browser] Encountered two children with the same key, `153b4eb3-6a8f-4247-8238-f9dce432ff1e`. Keys should be unique so that components maintain their identity across updates. Non-unique keys may cause children to be duplicated and/or omitted — the behavior is unsupported and could change in a future version. 
[browser] Encountered two children with the same key, `153b4eb3-6a8f-4247-8238-f9dce432ff1e`. Keys should be unique so that components maintain their identity across updates. Non-unique keys may cause children to be duplicated and/or omitted — the behavior is unsupported and could change in a future version. 
[browser] Encountered two children with the same key, `153b4eb3-6a8f-4247-8238-f9dce432ff1e`. Keys should be unique so that components maintain their identity across updates. Non-unique keys may cause children to be duplicated and/or omitted — the behavior is unsupported and could change in a future version. 
[browser] Encountered two children with the same key, `153b4eb3-6a8f-4247-8238-f9dce432ff1e`. Keys should be unique so that components maintain their identity across updates. Non-unique keys may cause children to be duplicated and/or omitted — the behavior is unsupported and could change in a future version. 
[browser] Encountered two children with the same key, `153b4eb3-6a8f-4247-8238-f9dce432ff1e`. Keys should be unique so that components maintain their identity across updates. Non-unique keys may cause children to be duplicated and/or omitted — the behavior is unsupported and could change in a future version. 
[browser] Encountered two children with the same key, `153b4eb3-6a8f-4247-8238-f9dce432ff1e`. Keys should be unique so that components maintain their identity across updates. Non-unique keys may cause children to be duplicated and/or omitted — the behavior is unsupported and could change in a future version. 
[browser] Encountered two children with the same key, `153b4eb3-6a8f-4247-8238-f9dce432ff1e`. Keys should be unique so that components maintain their identity across updates. Non-unique keys may cause children to be duplicated and/or omitted — the behavior is unsupported and could change in a future version. 
[browser] Encountered two children with the same key, `153b4eb3-6a8f-4247-8238-f9dce432ff1e`. Keys should be unique so that components maintain their identity across updates. Non-unique keys may cause children to be duplicated and/or omitted — the behavior is unsupported and could change in a future version. 
[browser] Encountered two children with the same key, `153b4eb3-6a8f-4247-8238-f9dce432ff1e`. Keys should be unique so that components maintain their identity across updates. Non-unique keys may cause children to be duplicated and/or omitted — the behavior is unsupported and could change in a future version. 
[browser] Encountered two children with the same key, `153b4eb3-6a8f-4247-8238-f9dce432ff1e`. Keys should be unique so that components maintain their identity across updates. Non-unique keys may cause children to be duplicated and/or omitted — the behavior is unsupported and could change in a future version. 
[browser] Encountered two children with the same key, `153b4eb3-6a8f-4247-8238-f9dce432ff1e`. Keys should be unique so that components maintain their identity across updates. Non-unique keys may cause children to be duplicated and/or omitted — the behavior is unsupported and could change in a future version. 
[browser] Encountered two children with the same key, `153b4eb3-6a8f-4247-8238-f9dce432ff1e`. Keys should be unique so that components maintain their identity across updates. Non-unique keys may cause children to be duplicated and/or omitted — the behavior is unsupported and could change in a future version. 
[browser] Encountered two children with the same key, `153b4eb3-6a8f-4247-8238-f9dce432ff1e`. Keys should be unique so that components maintain their identity across updates. Non-unique keys may cause children to be duplicated and/or omitted — the behavior is unsupported and could change in a future version. 
[browser] Encountered two children with the same key, `153b4eb3-6a8f-4247-8238-f9dce432ff1e`. Keys should be unique so that components maintain their identity across updates. Non-unique keys may cause children to be duplicated and/or omitted — the behavior is unsupported and could change in a future version. 
[browser] Encountered two children with the same key, `153b4eb3-6a8f-4247-8238-f9dce432ff1e`. Keys should be unique so that components maintain their identity across updates. Non-unique keys may cause children to be duplicated and/or omitted — the behavior is unsupported and could change in a future version. 
[browser] Encountered two children with the same key, `153b4eb3-6a8f-4247-8238-f9dce432ff1e`. Keys should be unique so that components maintain their identity across updates. Non-unique keys may cause children to be duplicated and/or omitted — the behavior is unsupported and could change in a future version. 
[browser] Detected `scroll-behavior: smooth` on the `<html>` element. To disable smooth scrolling during route transitions, add `data-scroll-behavior="smooth"` to your <html> element. Learn more: https://nextjs.org/docs/messages/missing-data-scroll-behavior
⚠ Fast Refresh had to perform a full reload when ./lib/api.ts changed. Read more: https://nextjs.org/docs/messages/fast-refresh-reload
⚠ Fast Refresh had to perform a full reload when ./app/Components/DemoStateContext.tsx changed. Read more: https://nextjs.org/docs/messages/fast-refresh-reload
⚠ Fast Refresh had to perform a full reload when ./app/Components/DemoStateContext.tsx changed. Read more: https://nextjs.org/docs/messages/fast-refresh-reload
⚠ Fast Refresh had to perform a full reload when ./app/Components/DemoStateContext.tsx changed. Read more: https://nextjs.org/docs/messages/fast-refresh-reload
⚠ Fast Refresh had to perform a full reload when ./app/Components/DemoStateContext.tsx changed. Read more: https://nextjs.org/docs/messages/fast-refresh-reload
⚠ Fast Refresh had to perform a full reload when ./app/Components/DemoStateContext.tsx changed. Read more: https://nextjs.org/docs/messages/fast-refresh-reload
⨯ ReferenceError: careMatchInvites is not defined
    at DemoStateProvider (app\Components\DemoStateContext.tsx:381:9)
  379 |         calendarEntries,
  380 |         friends: careMatchFriends,
> 381 |         careMatchInvites,
      |         ^
  382 |         checkinMood,
  383 |         checkinEnergy,
  384 |         apiRecommendation, {
  digest: '2278081167'
}
⚠ Fast Refresh had to perform a full reload due to a runtime error.
⚠ Fast Refresh had to perform a full reload when ./app/Components/DemoStateContext.tsx changed. Read more: https://nextjs.org/docs/messages/fast-refresh-reload
⚠ Fast Refresh had to perform a full reload due to a runtime error.
⨯ ReferenceError: careMatchInvites is not defined
    at DemoStateProvider (app\Components\DemoStateContext.tsx:401:9)
  399 |         calendarEntries,
  400 |         friends: careMatchFriends,
> 401 |         careMatchInvites,
      |         ^
  402 |         checkinMood,
  403 |         checkinEnergy,
  404 |         apiRecommendation, {
  digest: '2278081167'
}
⚠ Fast Refresh had to perform a full reload due to a runtime error.
⚠ Fast Refresh had to perform a full reload when ./app/Components/DemoStateContext.tsx changed. Read more: https://nextjs.org/docs/messages/fast-refresh-reload
⚠ Fast Refresh had to perform a full reload due to a runtime error.
⨯ ReferenceError: careMatchInvites is not defined
    at DemoStateProvider (app\Components\DemoStateContext.tsx:412:9)
  410 |         calendarEntries,
  411 |         friends: careMatchFriends,
> 412 |         careMatchInvites,
      |         ^
  413 |         checkinMood,
  414 |         checkinEnergy,
  415 |         apiRecommendation, {
  digest: '2278081167'
}
⚠ Fast Refresh had to perform a full reload due to a runtime error.
⚠ Fast Refresh had to perform a full reload when ./app/Components/DemoStateContext.tsx changed. Read more: https://nextjs.org/docs/messages/fast-refresh-reload
⚠ Fast Refresh had to perform a full reload due to a runtime error.
⨯ ReferenceError: careMatchInvites is not defined
    at DemoStateProvider (app\Components\DemoStateContext.tsx:416:9)
  414 |         calendarEntries,
  415 |         friends: careMatchFriends,
> 416 |         careMatchInvites,
      |         ^
  417 |         checkinMood,
  418 |         checkinEnergy,
  419 |         apiRecommendation, {
  digest: '2278081167'
}
⨯ ReferenceError: careMatchInvites is not defined
    at DemoStateProvider (app\Components\DemoStateContext.tsx:416:9)
  414 |         calendarEntries,
  415 |         friends: careMatchFriends,
> 416 |         careMatchInvites,
      |         ^
  417 |         checkinMood,
  418 |         checkinEnergy,
  419 |         apiRecommendation, {
  digest: '2278081167'
}
⚠ Fast Refresh had to perform a full reload due to a runtime error.
⚠ Fast Refresh had to perform a full reload when ./app/Components/DemoStateContext.tsx changed. Read more: https://nextjs.org/docs/messages/fast-refresh-reload
⚠ Fast Refresh had to perform a full reload due to a runtime error.
[browser] Detected `scroll-behavior: smooth` on the `<html>` element. To disable smooth scrolling during route transitions, add `data-scroll-behavior="smooth"` to your <html> element. Learn more: https://nextjs.org/docs/messages/missing-data-scroll-behavior
⨯ ReferenceError: aa is not defined
    at module evaluation (app\Components\Login&Dashboard\Dashboard.tsx:46:3)
    at module evaluation (app\dashboard\page.tsx:5:1)
  44 |     color: '#4ADE80',
  45 |   },
> 46 | ];aa
     |   ^
  47 |
  48 | // Picks a background "mood" icon for the recommendation card based on the activity's copy.
  49 | function getActivityGlyph(activity: string) { {
  digest: '3158394923'
}
⚠ Fast Refresh had to perform a full reload due to a runtime error.
⚠ Fast Refresh had to perform a full reload when ./app/Components/Login&Dashboard/Dashboard.tsx changed. Read more: https://nextjs.org/docs/messages/fast-refresh-reload
⚠ Fast Refresh had to perform a full reload due to a runtime error.
⚠ Fast Refresh had to perform a full reload when ./app/Components/DemoStateContext.tsx changed. Read more: https://nextjs.org/docs/messages/fast-refresh-reload
[browser] Detected `scroll-behavior: smooth` on the `<html>` element. To disable smooth scrolling during route transitions, add `data-scroll-behavior="smooth"` to your <html> element. Learn more: https://nextjs.org/docs/messages/missing-data-scroll-behavior
⚠ Fast Refresh had to perform a full reload when ./app/Components/DemoStateContext.tsx changed. Read more: https://nextjs.org/docs/messages/fast-refresh-reload
⚠ Fast Refresh had to perform a full reload when ./app/Components/DemoStateContext.tsx changed. Read more: https://nextjs.org/docs/messages/fast-refresh-reload
⚠ Fast Refresh had to perform a full reload when ./app/Components/DemoStateContext.tsx changed. Read more: https://nextjs.org/docs/messages/fast-refresh-reload
⚠ Fast Refresh had to perform a full reload when ./app/Components/DemoStateContext.tsx changed. Read more: https://nextjs.org/docs/messages/fast-refresh-reload
⨯ ReferenceError: addFriend is not defined
    at DemoStateProvider (app\Components\DemoStateContext.tsx:164:9)
  162 |         setInvitationState,
  163 |         addCalendarEntry,
> 164 |         addFriend,
      |         ^
  165 |         sendCareMatchInvite,
  166 |         respondToCareMatchInvite,
  167 |         setCheckin, {
  digest: '978168607'
}
⚠ Fast Refresh had to perform a full reload due to a runtime error.
⚠ Fast Refresh had to perform a full reload when ./app/Components/DemoStateContext.tsx changed. Read more: https://nextjs.org/docs/messages/fast-refresh-reload
⚠ Fast Refresh had to perform a full reload due to a runtime error.
⨯ ReferenceError: handleAddFriend is not defined
    at CareMatchPage (app\carematch\page.tsx:98:25)
   96 |           <span style={{ color: '#cbd5e1', fontSize: '13px' }}>{friends.length} teman ter...
   97 |         </div>
>  98 |         <form onSubmit={handleAddFriend} style={{ display: 'flex', flexWrap: 'wrap', gap:...
      |                         ^
   99 |           <input value={friendName} onChange={(event) => setFriendName(event.target.value...
  100 |           <button type="submit" disabled={!friendName.trim()} className="dash-btn" style=...
  101 |         </form> {
  digest: '3010167625'
}
⚠ Fast Refresh had to perform a full reload due to a runtime error.
⚠ Fast Refresh had to perform a full reload due to a runtime error.
[browser] Detected `scroll-behavior: smooth` on the `<html>` element. To disable smooth scrolling during route transitions, add `data-scroll-behavior="smooth"` to your <html> element. Learn more: https://nextjs.org/docs/messages/missing-data-scroll-behavior
⚠ Fast Refresh had to perform a full reload when ./app/Components/DemoStateContext.tsx changed. Read more: https://nextjs.org/docs/messages/fast-refresh-reload
⨯ TypeError: Cannot read properties of undefined (reading 'flatMap')
    at <unknown> (app\carematch\page.tsx:46:19)
    at CareMatchPage (app\carematch\page.tsx:45:35)
  44 |
  45 |   const availableFriends = useMemo(
> 46 |     () => friends.flatMap((friend) => {
     |                   ^
  47 |       const overlap = getOverlap(currentUser.freeSlots, friend.freeSlots);
  48 |       return overlap ? [{ friend, overlap }] : [];
  49 |     }), {
  digest: '3208346472'
}
⨯ TypeError: Cannot read properties of undefined (reading 'flatMap')
    at <unknown> (app\carematch\page.tsx:46:19)
    at CareMatchPage (app\carematch\page.tsx:45:35)
  44 |
  45 |   const availableFriends = useMemo(
> 46 |     () => friends.flatMap((friend) => {
     |                   ^
  47 |       const overlap = getOverlap(currentUser.freeSlots, friend.freeSlots);
  48 |       return overlap ? [{ friend, overlap }] : [];
  49 |     }), {
  digest: '3208346472'
}
⚠ Fast Refresh had to perform a full reload due to a runtime error.
[browser] Detected `scroll-behavior: smooth` on the `<html>` element. To disable smooth scrolling during route transitions, add `data-scroll-behavior="smooth"` to your <html> element. Learn more: https://nextjs.org/docs/messages/missing-data-scroll-behavior
[browser] Detected `scroll-behavior: smooth` on the `<html>` element. To disable smooth scrolling during route transitions, add `data-scroll-behavior="smooth"` to your <html> element. Learn more: https://nextjs.org/docs/messages/missing-data-scroll-behavior
⚠ Fast Refresh had to perform a full reload when ./lib/api.ts changed. Read more: https://nextjs.org/docs/messages/fast-refresh-reload
