
> hackhack@0.1.0 dev
> next dev

▲ Next.js 16.2.11 (Turbopack)
- Local:         http://localhost:3000
- Network:       http://192.168.56.1:3000
- Environments: .env.local
✓ Ready in 555ms
Creating turbopack project {
  dir: 'C:\\Users\\USER\\Downloads\\School\\HackXperience\\hackhack',
  testMode: true
}

 GET / 200 in 1544ms (next.js: 1439ms, application-code: 106ms)
 GET / 200 in 37ms (next.js: 7ms, application-code: 30ms)
 GET / 200 in 27ms (next.js: 4ms, application-code: 23ms)
 GET / 200 in 31ms (next.js: 5ms, application-code: 26ms)
 GET / 200 in 26ms (next.js: 4ms, application-code: 22ms)
✓ Compiled in 200ms
 GET / 200 in 216ms (next.js: 72ms, application-code: 144ms)
 GET / 200 in 38ms (next.js: 11ms, application-code: 27ms)
 GET / 200 in 217ms (next.js: 99ms, application-code: 118ms)
✓ Compiled in 130ms
 GET / 200 in 322ms (next.js: 122ms, application-code: 200ms)
 GET / 200 in 69ms (next.js: 11ms, application-code: 58ms)
 GET / 200 in 68ms (next.js: 43ms, application-code: 25ms)
 GET / 200 in 70ms (next.js: 27ms, application-code: 42ms)
 GET / 200 in 230ms (next.js: 74ms, application-code: 156ms)
 GET / 200 in 233ms (next.js: 45ms, application-code: 188ms)
 GET / 200 in 249ms (next.js: 78ms, application-code: 171ms)
 GET / 200 in 164ms (next.js: 71ms, application-code: 93ms)
 GET / 200 in 65ms (next.js: 8ms, application-code: 58ms)
 GET / 200 in 174ms (next.js: 7ms, application-code: 166ms)
✓ Compiled in 116ms
✓ Compiled in 592ms
 GET / 500 in 1081ms (next.js: 953ms, application-code: 127ms)
 GET / 200 in 170ms (next.js: 79ms, application-code: 92ms)
 GET / 200 in 253ms (next.js: 56ms, application-code: 198ms)
 GET / 200 in 111ms (next.js: 12ms, application-code: 99ms)
 GET / 200 in 109ms (next.js: 78ms, application-code: 31ms)
 GET / 200 in 111ms (next.js: 36ms, application-code: 74ms)
 GET / 200 in 224ms (next.js: 9ms, application-code: 215ms)
 GET / 200 in 255ms (next.js: 186ms, application-code: 69ms)
 GET / 200 in 72ms (next.js: 36ms, application-code: 36ms)
 GET /login 200 in 288ms (next.js: 271ms, application-code: 17ms)
 GET /checkin/mood?user=eric 200 in 248ms (next.js: 231ms, application-code: 17ms)
 GET /checkin/energy?user=eric&mood=positive 200 in 241ms (next.js: 219ms, application-code: 22ms)
 GET /dashboard?user=eric&mood=positive&energy=80 200 in 299ms (next.js: 283ms, application-code: 16ms)
 GET /move 200 in 256ms (next.js: 235ms, application-code: 22ms)
 GET /progress 200 in 251ms (next.js: 202ms, application-code: 49ms)
 GET / 200 in 87ms (next.js: 37ms, application-code: 50ms)
 GET /login 200 in 60ms (next.js: 39ms, application-code: 21ms)
 GET /checkin/mood?user=eric 200 in 55ms (next.js: 36ms, application-code: 19ms)
 GET /checkin/energy?user=eric&mood=positive 200 in 52ms (next.js: 36ms, application-code: 16ms)
 GET /dashboard?user=eric&mood=positive&energy=80 200 in 53ms (next.js: 34ms, application-code: 18ms)
 GET /move 200 in 50ms (next.js: 34ms, application-code: 16ms)
 GET /dashboard 200 in 18ms (next.js: 4ms, application-code: 14ms)
 GET /smart-calendar 200 in 261ms (next.js: 242ms, application-code: 19ms)
 GET /carematch 200 in 214ms (next.js: 201ms, application-code: 13ms)
 GET /dashboard 200 in 17ms (next.js: 4ms, application-code: 13ms)
 GET /carematch 200 in 16ms (next.js: 4ms, application-code: 12ms)
 GET /smart-calendar 200 in 16ms (next.js: 4ms, application-code: 12ms)
 GET /dashboard 200 in 16ms (next.js: 3ms, application-code: 12ms)
 GET /carematch 200 in 15ms (next.js: 3ms, application-code: 12ms)
 GET /checkin/mood?user=eric 200 in 18ms (next.js: 4ms, application-code: 13ms)
 GET /login 200 in 16ms (next.js: 3ms, application-code: 12ms)
 GET /checkin/mood?user=daniel 200 in 17ms (next.js: 4ms, application-code: 13ms)
 GET /checkin/energy?user=daniel&mood=negative 200 in 17ms (next.js: 4ms, application-code: 13ms)
 GET /dashboard?user=daniel&mood=negative&energy=5 200 in 15ms (next.js: 3ms, application-code: 12ms)
 GET /move 200 in 15ms (next.js: 3ms, application-code: 12ms)
 GET /dashboard 200 in 17ms (next.js: 4ms, application-code: 13ms)
 GET /move 200 in 17ms (next.js: 4ms, application-code: 13ms)
 GET /dashboard 200 in 15ms (next.js: 3ms, application-code: 12ms)
 GET /progress 200 in 57ms (next.js: 39ms, application-code: 18ms)
 GET /dashboard 200 in 15ms (next.js: 4ms, application-code: 12ms)
 GET /move 200 in 14ms (next.js: 3ms, application-code: 11ms)
✓ Compiled in 44ms
 GET /move 200 in 153ms (next.js: 40ms, application-code: 113ms)
 GET /move 200 in 93ms (next.js: 6ms, application-code: 87ms)
✓ Compiled in 54ms
 GET /move 200 in 131ms (next.js: 42ms, application-code: 89ms)
 GET /move 200 in 72ms (next.js: 5ms, application-code: 67ms)
✓ Compiled in 40ms
 GET /move 200 in 130ms (next.js: 40ms, application-code: 90ms)
 GET /move 200 in 70ms (next.js: 4ms, application-code: 65ms)
✓ Compiled in 40ms
 GET /move 200 in 117ms (next.js: 39ms, application-code: 77ms)
 GET /move 200 in 61ms (next.js: 4ms, application-code: 57ms)
✓ Compiled in 42ms
 GET /move 200 in 53ms (next.js: 34ms, application-code: 19ms)
 GET /move 200 in 48ms (next.js: 31ms, application-code: 17ms)
 GET /move 200 in 44ms (next.js: 28ms, application-code: 17ms)
 GET /login 200 in 91ms (next.js: 39ms, application-code: 52ms)
 GET /checkin/mood?user=eric 200 in 60ms (next.js: 39ms, application-code: 21ms)
 GET /checkin/energy?user=eric&mood=negative 200 in 61ms (next.js: 40ms, application-code: 22ms)
 GET /dashboard?user=eric&mood=negative&energy=10 200 in 53ms (next.js: 36ms, application-code: 17ms)
 GET /move 200 in 76ms (next.js: 5ms, application-code: 72ms)
 GET /login 200 in 33ms (next.js: 5ms, application-code: 28ms)
 GET /checkin/mood?user=eric 200 in 17ms (next.js: 4ms, application-code: 13ms)
 GET /checkin/energy?user=eric&mood=negative 200 in 18ms (next.js: 4ms, application-code: 14ms)
 GET /dashboard?user=eric&mood=negative&energy=10 200 in 17ms (next.js: 4ms, application-code: 13ms)
 GET /move 200 in 28ms (next.js: 4ms, application-code: 24ms)
 GET /login 200 in 30ms (next.js: 4ms, application-code: 27ms)
 GET /checkin/mood?user=eric 200 in 19ms (next.js: 4ms, application-code: 15ms)
 GET /checkin/energy?user=eric&mood=negative 200 in 18ms (next.js: 4ms, application-code: 14ms)
 GET /dashboard?user=eric&mood=negative&energy=10 200 in 16ms (next.js: 4ms, application-code: 12ms)
 GET /move 200 in 17ms (next.js: 4ms, application-code: 13ms)
 GET /login 200 in 27ms (next.js: 3ms, application-code: 24ms)
 GET /checkin/mood?user=eric 200 in 21ms (next.js: 4ms, application-code: 17ms)
 GET /checkin/energy?user=eric&mood=negative 200 in 18ms (next.js: 4ms, application-code: 14ms)
 GET /dashboard?user=eric&mood=negative&energy=10 200 in 17ms (next.js: 4ms, application-code: 13ms)
 GET /move 200 in 19ms (next.js: 4ms, application-code: 15ms)
 GET /move 200 in 29ms (next.js: 5ms, application-code: 24ms)
 GET / 200 in 71ms (next.js: 49ms, application-code: 22ms)
 GET /login 200 in 16ms (next.js: 4ms, application-code: 12ms)
 GET /checkin/mood?user=eric 200 in 21ms (next.js: 5ms, application-code: 17ms)
 GET /checkin/energy?user=eric&mood=negative 200 in 18ms (next.js: 4ms, application-code: 13ms)
 GET /dashboard?user=eric&mood=negative&energy=15 200 in 17ms (next.js: 4ms, application-code: 13ms)
 GET /move 200 in 16ms (next.js: 4ms, application-code: 12ms)
 GET /dashboard 200 in 16ms (next.js: 3ms, application-code: 13ms)
 GET /move 200 in 16ms (next.js: 4ms, application-code: 12ms)
 GET /dashboard 200 in 15ms (next.js: 3ms, application-code: 12ms)
✓ Compiled in 61ms
✓ Compiled in 49ms
 GET /dashboard 200 in 266ms (next.js: 81ms, application-code: 186ms)
 GET /dashboard 200 in 145ms (next.js: 5ms, application-code: 140ms)
✓ Compiled in 50ms
 GET /dashboard 200 in 167ms (next.js: 60ms, application-code: 108ms)
 GET /dashboard 200 in 78ms (next.js: 6ms, application-code: 72ms)
✓ Compiled in 44ms
 GET /dashboard 200 in 172ms (next.js: 57ms, application-code: 115ms)
 GET /dashboard 200 in 86ms (next.js: 4ms, application-code: 82ms)
✓ Compiled in 47ms
 GET /dashboard 200 in 177ms (next.js: 74ms, application-code: 103ms)
 GET /dashboard 200 in 75ms (next.js: 4ms, application-code: 71ms)
✓ Compiled in 51ms
 GET /dashboard 200 in 165ms (next.js: 61ms, application-code: 104ms)
 GET /dashboard 200 in 77ms (next.js: 6ms, application-code: 71ms)
 GET /dashboard 200 in 80ms (next.js: 51ms, application-code: 29ms)
✓ Compiled in 40ms
 GET /dashboard 200 in 158ms (next.js: 54ms, application-code: 105ms)
 GET /dashboard 200 in 77ms (next.js: 6ms, application-code: 71ms)
✓ Compiled in 37ms
 GET /dashboard 200 in 145ms (next.js: 56ms, application-code: 90ms)
 GET /dashboard 200 in 68ms (next.js: 4ms, application-code: 64ms)
✓ Compiled in 38ms
 GET /dashboard 200 in 162ms (next.js: 59ms, application-code: 104ms)
 GET /dashboard 200 in 75ms (next.js: 5ms, application-code: 70ms)
 GET /dashboard 200 in 35ms (next.js: 4ms, application-code: 31ms)
 GET /carematch 200 in 78ms (next.js: 53ms, application-code: 25ms)
 GET /carematch 200 in 69ms (next.js: 4ms, application-code: 65ms)
 GET / 200 in 76ms (next.js: 51ms, application-code: 26ms)
 GET /login 200 in 81ms (next.js: 56ms, application-code: 25ms)
 GET /checkin/mood?user=eric 200 in 75ms (next.js: 54ms, application-code: 21ms)
 GET /checkin/energy?user=eric&mood=positive 200 in 68ms (next.js: 48ms, application-code: 20ms)
 GET /dashboard?user=eric&mood=positive&energy=93 200 in 24ms (next.js: 4ms, application-code: 19ms)
 GET /move 200 in 74ms (next.js: 50ms, application-code: 24ms)
 GET /dashboard 200 in 15ms (next.js: 3ms, application-code: 11ms)
 GET /carematch 200 in 20ms (next.js: 4ms, application-code: 16ms)
 GET /dashboard 200 in 16ms (next.js: 3ms, application-code: 12ms)
✓ Compiled in 48ms
 GET /dashboard 200 in 183ms (next.js: 62ms, application-code: 121ms)
 GET /dashboard 200 in 95ms (next.js: 5ms, application-code: 91ms)
✓ Compiled in 45ms
 GET /dashboard 200 in 164ms (next.js: 53ms, application-code: 111ms)
 GET /dashboard 200 in 80ms (next.js: 5ms, application-code: 75ms)
✓ Compiled in 46ms
 GET /dashboard 200 in 142ms (next.js: 48ms, application-code: 94ms)
 GET /dashboard 200 in 69ms (next.js: 4ms, application-code: 65ms)
✓ Compiled in 72ms
 GET /dashboard 200 in 143ms (next.js: 60ms, application-code: 82ms)
 GET /dashboard 200 in 60ms (next.js: 4ms, application-code: 56ms)
✓ Compiled in 47ms
 GET /dashboard 200 in 177ms (next.js: 57ms, application-code: 121ms)
 GET /dashboard 200 in 90ms (next.js: 5ms, application-code: 85ms)
✓ Compiled in 49ms
 GET /dashboard 200 in 216ms (next.js: 67ms, application-code: 149ms)
 GET /dashboard 500 in 117ms (next.js: 6ms, application-code: 111ms)
✓ Compiled in 47ms
 GET /dashboard 500 in 156ms (next.js: 52ms, application-code: 104ms)
✓ Compiled in 44ms
 GET /dashboard 500 in 124ms (next.js: 48ms, application-code: 76ms)
✓ Compiled in 42ms
 GET /dashboard 500 in 135ms (next.js: 59ms, application-code: 75ms)
 GET /dashboard 500 in 45ms (next.js: 5ms, application-code: 40ms)
✓ Compiled in 44ms
 GET /dashboard 200 in 128ms (next.js: 52ms, application-code: 77ms)
 GET /dashboard 200 in 46ms (next.js: 4ms, application-code: 42ms)
 GET /dashboard 200 in 78ms (next.js: 49ms, application-code: 29ms)
 GET /dashboard 200 in 79ms (next.js: 53ms, application-code: 26ms)
 GET /dashboard 200 in 66ms (next.js: 42ms, application-code: 23ms)
 GET /dashboard 200 in 64ms (next.js: 42ms, application-code: 21ms)
 GET /dashboard 200 in 56ms (next.js: 3ms, application-code: 52ms)
 GET /carematch 200 in 66ms (next.js: 47ms, application-code: 19ms)
✓ Compiled in 39ms
 GET /dashboard 200 in 416ms (next.js: 62ms, application-code: 354ms)
 GET /dashboard 500 in 327ms (next.js: 4ms, application-code: 323ms)
✓ Compiled in 37ms
 GET /dashboard 200 in 134ms (next.js: 56ms, application-code: 78ms)
 GET /dashboard 200 in 30ms (next.js: 4ms, application-code: 27ms)
✓ Compiled in 40ms
 GET /dashboard 200 in 74ms (next.js: 46ms, application-code: 28ms)
✓ Compiled in 151ms
 GET /dashboard 200 in 413ms (next.js: 219ms, application-code: 194ms)
 GET /dashboard 200 in 121ms (next.js: 86ms, application-code: 34ms)
 GET /dashboard 200 in 128ms (next.js: 22ms, application-code: 105ms)
 GET /dashboard 200 in 175ms (next.js: 6ms, application-code: 169ms)
 GET /dashboard 200 in 90ms (next.js: 14ms, application-code: 77ms)
 GET /dashboard 200 in 220ms (next.js: 6ms, application-code: 214ms)
 GET /dashboard 200 in 36ms (next.js: 4ms, application-code: 32ms)
 GET /move 200 in 79ms (next.js: 53ms, application-code: 26ms)
 GET /dashboard 200 in 16ms (next.js: 3ms, application-code: 13ms)
 GET /move 200 in 16ms (next.js: 4ms, application-code: 12ms)
 GET /dashboard 200 in 19ms (next.js: 4ms, application-code: 16ms)
 GET / 200 in 80ms (next.js: 58ms, application-code: 22ms)
 GET /login 200 in 75ms (next.js: 53ms, application-code: 23ms)
 GET /checkin/mood?user=daniel 200 in 74ms (next.js: 50ms, application-code: 24ms)
 GET /login 200 in 16ms (next.js: 4ms, application-code: 12ms)
 GET / 200 in 18ms (next.js: 5ms, application-code: 14ms)
 GET /login 200 in 22ms (next.js: 6ms, application-code: 16ms)
 GET /checkin/mood?user=daniel 200 in 22ms (next.js: 5ms, application-code: 18ms)
 GET /checkin/energy?user=daniel&mood=negative 200 in 79ms (next.js: 54ms, application-code: 25ms)
 GET /dashboard?user=daniel&mood=negative&energy=49 200 in 17ms (next.js: 4ms, application-code: 12ms)
 GET /carematch 200 in 69ms (next.js: 47ms, application-code: 22ms)
✓ Compiled in 39ms
 GET /carematch 200 in 231ms (next.js: 69ms, application-code: 162ms)
 GET /carematch 200 in 125ms (next.js: 9ms, application-code: 116ms)
✓ Compiled in 40ms
 GET /carematch 200 in 174ms (next.js: 58ms, application-code: 116ms)
 GET /carematch 200 in 89ms (next.js: 6ms, application-code: 83ms)
✓ Compiled in 74ms
 GET /carematch 200 in 198ms (next.js: 72ms, application-code: 127ms)
 GET /carematch 200 in 91ms (next.js: 6ms, application-code: 85ms)
✓ Compiled in 62ms
 GET /carematch 200 in 171ms (next.js: 59ms, application-code: 111ms)
 GET /carematch 500 in 84ms (next.js: 5ms, application-code: 79ms)
✓ Compiled in 44ms
 GET /carematch 200 in 105ms (next.js: 46ms, application-code: 59ms)
✓ Compiled in 41ms
 GET /carematch 200 in 82ms (next.js: 53ms, application-code: 29ms)
✓ Compiled in 37ms
 GET /carematch 500 in 146ms (next.js: 55ms, application-code: 90ms)
✓ Compiled in 33ms
 GET /carematch 200 in 116ms (next.js: 50ms, application-code: 65ms)
 GET /carematch 200 in 70ms (next.js: 45ms, application-code: 26ms)
 GET /carematch 200 in 77ms (next.js: 47ms, application-code: 29ms)
 GET /carematch 200 in 100ms (next.js: 45ms, application-code: 55ms)
 GET /carematch 200 in 31ms (next.js: 5ms, application-code: 26ms)
 GET / 200 in 71ms (next.js: 50ms, application-code: 21ms)
 GET /login 200 in 76ms (next.js: 53ms, application-code: 23ms)
 GET /checkin/mood?user=daniel 200 in 69ms (next.js: 49ms, application-code: 20ms)
 GET /checkin/energy?user=daniel&mood=negative 200 in 73ms (next.js: 49ms, application-code: 24ms)
 GET /dashboard?user=daniel&mood=negative&energy=6 200 in 71ms (next.js: 50ms, application-code: 21ms)
 GET /move 200 in 71ms (next.js: 47ms, application-code: 23ms)
 GET /active-session 200 in 282ms (next.js: 267ms, application-code: 15ms)
 GET /dashboard 200 in 17ms (next.js: 4ms, application-code: 13ms)
 GET /active-session 200 in 17ms (next.js: 4ms, application-code: 13ms)
 GET /dashboard 200 in 19ms (next.js: 4ms, application-code: 15ms)
 GET /carematch 200 in 16ms (next.js: 4ms, application-code: 12ms)
✓ Compiled in 75ms
 GET /carematch 500 in 388ms (next.js: 98ms, application-code: 290ms)
 GET /carematch 200 in 743ms (next.js: 68ms, application-code: 674ms)
 GET /carematch 200 in 348ms (next.js: 27ms, application-code: 322ms)
 GET /carematch 200 in 105ms (next.js: 9ms, application-code: 96ms)
 GET /carematch 200 in 104ms (next.js: 76ms, application-code: 29ms)
 GET /carematch 200 in 105ms (next.js: 38ms, application-code: 67ms)
 GET /carematch 500 in 355ms (next.js: 7ms, application-code: 348ms)
✓ Compiled in 52ms
 GET /carematch 200 in 129ms (next.js: 57ms, application-code: 72ms)
 GET /carematch 200 in 65ms (next.js: 42ms, application-code: 24ms)
 GET /carematch 200 in 73ms (next.js: 45ms, application-code: 28ms)
 GET / 200 in 62ms (next.js: 44ms, application-code: 18ms)
 GET /login 200 in 77ms (next.js: 55ms, application-code: 22ms)
 GET /checkin/mood?user=merry 200 in 73ms (next.js: 51ms, application-code: 22ms)
 GET /checkin/energy?user=merry&mood=neutral 200 in 67ms (next.js: 47ms, application-code: 20ms)
 GET /dashboard?user=merry&mood=neutral&energy=100 200 in 68ms (next.js: 50ms, application-code: 18ms)
 GET /carematch 200 in 20ms (next.js: 4ms, application-code: 16ms)
 GET / 200 in 14ms (next.js: 3ms, application-code: 11ms)
 GET /login 200 in 18ms (next.js: 4ms, application-code: 14ms)
 GET /checkin/mood?user=rudy 200 in 19ms (next.js: 4ms, application-code: 15ms)
 GET /checkin/energy?user=rudy&mood=positive 200 in 17ms (next.js: 4ms, application-code: 13ms)
 GET /dashboard?user=rudy&mood=positive&energy=97 200 in 16ms (next.js: 3ms, application-code: 13ms)
 GET /carematch 200 in 17ms (next.js: 4ms, application-code: 13ms)
 GET / 200 in 16ms (next.js: 4ms, application-code: 11ms)
 GET / 200 in 61ms (next.js: 4ms, application-code: 57ms)
 GET / 200 in 34ms (next.js: 5ms, application-code: 29ms)
 GET /login 200 in 17ms (next.js: 4ms, application-code: 13ms)
 GET /checkin/mood?user=merry 200 in 20ms (next.js: 4ms, application-code: 16ms)
 GET /checkin/energy?user=merry&mood=negative 200 in 17ms (next.js: 3ms, application-code: 14ms)
 GET /dashboard?user=merry&mood=negative&energy=9 200 in 16ms (next.js: 4ms, application-code: 12ms)
 GET /move 200 in 73ms (next.js: 52ms, application-code: 22ms)
 GET /carematch 200 in 15ms (next.js: 3ms, application-code: 11ms)
 GET / 200 in 13ms (next.js: 3ms, application-code: 10ms)
 GET /login 200 in 19ms (next.js: 4ms, application-code: 15ms)
 GET /checkin/mood?user=daniel 200 in 18ms (next.js: 4ms, application-code: 15ms)
 GET /checkin/energy?user=daniel&mood=neutral 200 in 17ms (next.js: 4ms, application-code: 13ms)
 GET /dashboard?user=daniel&mood=neutral&energy=50 200 in 15ms (next.js: 3ms, application-code: 12ms)
 GET /carematch 200 in 16ms (next.js: 4ms, application-code: 13ms)
 GET / 200 in 14ms (next.js: 3ms, application-code: 11ms)
 GET /login 200 in 17ms (next.js: 3ms, application-code: 14ms)
 GET /checkin/mood?user=maya 200 in 16ms (next.js: 3ms, application-code: 13ms)
 GET /checkin/energy?user=maya&mood=neutral 200 in 16ms (next.js: 3ms, application-code: 13ms)
 GET /dashboard?user=maya&mood=neutral&energy=50 200 in 16ms (next.js: 3ms, application-code: 13ms)
 GET /carematch 200 in 18ms (next.js: 3ms, application-code: 15ms)
 GET / 200 in 14ms (next.js: 3ms, application-code: 11ms)
 GET /login 200 in 19ms (next.js: 4ms, application-code: 15ms)
 GET /checkin/mood?user=merry 200 in 29ms (next.js: 6ms, application-code: 23ms)
 GET /checkin/energy?user=merry&mood=neutral 200 in 17ms (next.js: 6ms, application-code: 12ms)
 GET /dashboard?user=merry&mood=neutral&energy=70 200 in 16ms (next.js: 4ms, application-code: 12ms)
 GET /move 200 in 16ms (next.js: 3ms, application-code: 13ms)
 GET /dashboard 200 in 15ms (next.js: 3ms, application-code: 12ms)
 GET /carematch 200 in 19ms (next.js: 4ms, application-code: 15ms)
 GET / 200 in 17ms (next.js: 4ms, application-code: 13ms)
 GET /login 200 in 18ms (next.js: 4ms, application-code: 14ms)
 GET /checkin/mood?user=nova 200 in 17ms (next.js: 3ms, application-code: 14ms)
 GET /checkin/energy?user=nova&mood=neutral 200 in 17ms (next.js: 3ms, application-code: 14ms)
 GET /dashboard?user=nova&mood=neutral&energy=50 200 in 16ms (next.js: 3ms, application-code: 13ms)
 GET /carematch 200 in 16ms (next.js: 4ms, application-code: 11ms)
 GET / 200 in 16ms (next.js: 3ms, application-code: 13ms)
 GET /login 200 in 17ms (next.js: 4ms, application-code: 13ms)
 GET /checkin/mood?user=nova 200 in 19ms (next.js: 4ms, application-code: 14ms)
 GET /checkin/energy?user=nova&mood=neutral 200 in 17ms (next.js: 4ms, application-code: 13ms)
 GET /dashboard?user=nova&mood=neutral&energy=50 200 in 17ms (next.js: 3ms, application-code: 14ms)
 GET /carematch 200 in 17ms (next.js: 4ms, application-code: 13ms)
 GET /dashboard 200 in 15ms (next.js: 3ms, application-code: 12ms)
 GET /carematch 200 in 15ms (next.js: 3ms, application-code: 11ms)
 GET / 200 in 14ms (next.js: 3ms, application-code: 11ms)
 GET /login 200 in 18ms (next.js: 3ms, application-code: 14ms)
 GET /checkin/mood?user=kai 200 in 18ms (next.js: 4ms, application-code: 14ms)
 GET /checkin/energy?user=kai&mood=neutral 200 in 17ms (next.js: 3ms, application-code: 14ms)
 GET /dashboard?user=kai&mood=neutral&energy=50 200 in 16ms (next.js: 4ms, application-code: 12ms)
 GET /carematch 200 in 16ms (next.js: 4ms, application-code: 12ms)
  Reload env: .env.local
✓ Compiled in 43ms
 GET /carematch 200 in 221ms (next.js: 73ms, application-code: 148ms)
 GET /carematch 200 in 111ms (next.js: 88ms, application-code: 24ms)
 GET /carematch 200 in 114ms (next.js: 6ms, application-code: 108ms)
